// Jest Snapshot v1, https://goo.gl/fbAQLP

exports[`Options: should merge custom sidebar options 1`] = `
{
  "autoConfiguration": true,
  "categoryLabel": "API",
  "collapsed": true,
  "fullNames": true,
  "indexLabel": "Custom index",
  "position": null,
}
`;

exports[`Options: should merge plugins 1`] = `
[
  "plugin-xyz",
]
`;

exports[`Options: should return default options 1`] = `
{
  "cleanOutputDir": true,
  "docsRoot": "docs",
  "enableEmojis": true,
  "enableFrontmatter": true,
  "entryDocument": "index.md",
  "entryPoints": [
    "entrypoint.ts",
  ],
  "hideBreadcrumbs": true,
  "hideInPageTOC": true,
  "hidePageTitle": false,
  "id": "default",
  "out": "api",
  "plugin": [
    "none",
  ],
  "sidebar": {
    "autoConfiguration": true,
    "categoryLabel": "API",
    "collapsed": true,
    "fullNames": false,
    "indexLabel": "Overview",
    "position": null,
  },
  "theme": "docusaurus",
  "watch": false,
}
`;
