// Jest Snapshot v1, https://goo.gl/fbAQLP

exports[`Members: (member) should compile a signature members' 1`] = `"[partial: member]"`;

exports[`Members: (member) should compile declaration members' 1`] = `"[partial: member]"`;

exports[`Members: (member) should compile members with getter' 1`] = `"[partial: member]"`;

exports[`Members: (member) should compile members with setter' 1`] = `"[partial: member]"`;

exports[`Members: (members) should compile class members' 1`] = `
"## Constructors

[partial: member]

## Properties

[partial: member]

## Accessors

[partial: member]

[partial: member]"
`;
