// Jest Snapshot v1, https://goo.gl/fbAQLP

exports[`Enum Reflection should compile basic enum: (Output File Strategy "members") (Option Group "1") 1`] = `
"# Enumeration: BasicEnum

Comments for enum

## Contents

- [Enumeration Members](BasicEnum.md#enumeration-members)
  - [MemberA](BasicEnum.md#membera)
  - [MemberB](BasicEnum.md#memberb)

## Enumeration Members

### MemberA

> **MemberA**: \`0\`

Comments for MemberA

#### Source

[enums.ts:12](http://source-url)

***

### MemberB

> **MemberB**: \`1\`

Comments for MemberB

#### Source

[enums.ts:16](http://source-url)
"
`;

exports[`Enum Reflection should compile basic enum: (Output File Strategy "members") (Option Group "2") 1`] = `
"typedoc-stubs • [Documentation](../index.md)

***

# BasicEnum

Comments for enum

## Contents

- [Enumeration Members](BasicEnum.md#enumeration-members)

## Enumeration Members

| Member | Value | Description |
| :------ | :------ | :------ |
| \`MemberA\` | \`0\` | Comments for MemberA |
| \`MemberB\` | \`1\` | Comments for MemberB |

***

Generated using [typedoc-plugin-markdown](https://www.npmjs.com/package/typedoc-plugin-markdown) and [TypeDoc](https://typedoc.org/)
"
`;

exports[`Enum Reflection should compile enum with values: (Output File Strategy "members") (Option Group "1") 1`] = `
"# Enumeration: EnumWithValues

Comments for enum

## Contents

- [Enumeration Members](EnumWithValues.md#enumeration-members)
  - [MemberA](EnumWithValues.md#membera)
  - [MemberB](EnumWithValues.md#memberb)

## Enumeration Members

### MemberA

> **MemberA**: \`"UP"\`

#### Source

[enums.ts:23](http://source-url)

***

### MemberB

> **MemberB**: \`"DOWN"\`

#### Source

[enums.ts:24](http://source-url)
"
`;

exports[`Enum Reflection should compile enum with values: (Output File Strategy "members") (Option Group "2") 1`] = `
"typedoc-stubs • [Documentation](../index.md)

***

# EnumWithValues

Comments for enum

## Contents

- [Enumeration Members](EnumWithValues.md#enumeration-members)

## Enumeration Members

| Member | Value |
| :------ | :------ |
| \`MemberA\` | \`"UP"\` |
| \`MemberB\` | \`"DOWN"\` |

***

Generated using [typedoc-plugin-markdown](https://www.npmjs.com/package/typedoc-plugin-markdown) and [TypeDoc](https://typedoc.org/)
"
`;
